2026-04-15 16:49:36,836 [INFO] __main__: Starting browser...
2026-04-15 16:49:36,848 [INFO] WDM: ====== WebDriver manager ======
2026-04-15 16:49:36,917 [INFO] WDM: Get LATEST chromedriver version for google-chrome
2026-04-15 16:49:37,100 [INFO] WDM: Get LATEST chromedriver version for google-chrome
2026-04-15 16:49:37,175 [INFO] WDM: Driver [/home/davi/.wdm/drivers/chromedriver/linux64/147.0.7727.57/chromedriver-linux64/chromedriver] found in cache
2026-04-15 16:49:38,311 [INFO] __main__: Authenticating on SUAP...
2026-04-15 16:49:38,311 [INFO] src.login: Login attempt 1/3
2026-04-15 16:49:38,312 [INFO] src.login: Navigating to https://suap.ifba.edu.br/accounts/login/?next=/
2026-04-15 16:49:47,389 [INFO] src.login: Login successful
2026-04-15 16:49:47,390 [INFO] __main__: Starting data extraction...
2026-04-15 16:49:47,390 [INFO] src.scraper: Exporting Mestrado (id=9)
2026-04-15 16:50:12,089 [INFO] src.scraper: Task 26383 completed
2026-04-15 16:50:12,089 [INFO] src.scraper: Download URL: https://suap.ifba.edu.br/djtools/process_progress2/1/26383/
2026-04-15 16:50:12,230 [INFO] src.scraper: Download: status=200, size=401920 bytes
2026-04-15 16:50:12,231 [INFO] src.scraper: Saved XLS to ./output/raw_export_1776282612.xls
2026-04-15 16:50:12,265 [INFO] src.scraper: DataFrame shape: (1784, 10), columns: ['#', 'Nome', 'Matrícula', 'Curso', 'Campus', 'Polo', 'Situação', 'E-mail Acadêmico', 'E-mail Pessoal', 'Ano/Periodo Letivo']...
2026-04-15 16:50:12,308 [INFO] src.scraper: Exported 1784 students for Mestrado
2026-04-15 16:50:12,309 [INFO] src.scraper: Exporting Especialização (id=10)
2026-04-15 16:50:35,679 [INFO] src.scraper: Task 26384 completed
2026-04-15 16:50:35,679 [INFO] src.scraper: Download URL: https://suap.ifba.edu.br/djtools/process_progress2/1/26384/
2026-04-15 16:50:35,807 [INFO] src.scraper: Download: status=200, size=595968 bytes
2026-04-15 16:50:35,809 [INFO] src.scraper: Saved XLS to ./output/raw_export_1776282635.xls
2026-04-15 16:50:35,902 [INFO] src.scraper: DataFrame shape: (2545, 10), columns: ['#', 'Nome', 'Matrícula', 'Curso', 'Campus', 'Polo', 'Situação', 'E-mail Acadêmico', 'E-mail Pessoal', 'Ano/Periodo Letivo']...
2026-04-15 16:50:35,979 [INFO] src.scraper: After Lato Sensu filter: 500 students
2026-04-15 16:50:35,979 [INFO] src.scraper: Exported 500 students for Especialização
2026-04-15 16:50:35,979 [INFO] src.scraper: Exporting Doutorado (id=16)
2026-04-15 16:50:49,560 [INFO] src.scraper: Task 26385 completed
2026-04-15 16:50:49,560 [INFO] src.scraper: Download URL: https://suap.ifba.edu.br/djtools/process_progress2/1/26385/
2026-04-15 16:50:49,733 [INFO] src.scraper: Download: status=200, size=42496 bytes
2026-04-15 16:50:49,733 [INFO] src.scraper: Saved XLS to ./output/raw_export_1776282649.xls
2026-04-15 16:50:49,741 [INFO] src.scraper: DataFrame shape: (163, 10), columns: ['#', 'Nome', 'Matrícula', 'Curso', 'Campus', 'Polo', 'Situação', 'E-mail Acadêmico', 'E-mail Pessoal', 'Ano/Periodo Letivo']...
2026-04-15 16:50:49,752 [INFO] src.scraper: Exported 163 students for Doutorado
2026-04-15 16:50:49,753 [INFO] __main__: Total students extracted: 2447
2026-04-15 16:50:49,753 [INFO] __main__: Exporting data in csv format...
2026-04-15 16:50:49,789 [INFO] src.exporter: Exported 2447 records to CSV
2026-04-15 16:50:49,790 [INFO] src.exporter: Data exported to ./output/alunos_pos_20260415_165049.csv
2026-04-15 16:50:49,790 [INFO] __main__: ✅ Data saved to: ./output/alunos_pos_20260415_165049.csv
2026-04-15 16:50:49,791 [INFO] __main__: Closing browser...
2026-08-21 14:05:00,060 [INFO] __main__: Starting browser...
2026-08-21 14:05:00,167 [INFO] WDM: ====== WebDriver manager ======
2026-08-21 14:05:00,334 [INFO] WDM: Get LATEST chromedriver version for google-chrome
2026-08-21 14:05:00,581 [INFO] WDM: Get LATEST chromedriver version for google-chrome
2026-08-21 14:05:00,766 [INFO] WDM: Driver [/home/davi/.wdm/drivers/chromedriver/linux64/151.0.7922.138/chromedriver-linux64/chromedriver] found in cache
2026-08-21 14:05:01,884 [INFO] __main__: Authenticating on SUAP...
2026-08-21 14:05:01,885 [INFO] src.login: Login attempt 1/3
2026-08-21 14:05:01,886 [INFO] src.login: Navigating to https://suap.ifba.edu.br/accounts/login/?next=/
2026-08-21 14:05:09,943 [ERROR] src.login: Error on login attempt 1: Message: element click intercepted: Element <input type="submit" value="Acessar"> is not clickable at point (957, 515). Other element would receive the click: <ul>...</ul>
  (Session info: chrome=151.0.7922.173); For documentation on this error, please visit: https://www.selenium.dev/documentation/webdriver/troubleshooting/errors#elementclickinterceptedexception
Stacktrace:
#0 0x5bf00479e36a <unknown>
#1 0x5bf004111f49 <unknown>
#2 0x5bf00416e415 <unknown>
#3 0x5bf00416c4f2 <unknown>
#4 0x5bf004169edc <unknown>
#5 0x5bf004168fd7 <unknown>
#6 0x5bf00415cc42 <unknown>
#7 0x5bf00415c587 <unknown>
#8 0x5bf0041b00c3 <unknown>
#9 0x5bf00415ac92 <unknown>
#10 0x5bf00415bb11 <unknown>
#11 0x5bf0047638d0 <unknown>
#12 0x5bf004761f3a <unknown>
#13 0x5bf00474c9b5 <unknown>
#14 0x5bf004762c0a <unknown>
#15 0x5bf004734740 <unknown>
#16 0x5bf0047899a8 <unknown>
#17 0x5bf004789b45 <unknown>
#18 0x5bf00479cf1e <unknown>
#19 0x7a90c909cb84 <unknown>
#20 0x7a90c9129d6c <unknown>

2026-08-21 14:05:09,943 [INFO] src.login: Retrying in 3 seconds...
2026-08-21 14:05:12,944 [INFO] src.login: Login attempt 2/3
2026-08-21 14:05:12,945 [INFO] src.login: Navigating to https://suap.ifba.edu.br/accounts/login/?next=/
2026-08-21 14:05:17,704 [ERROR] src.login: Error on login attempt 2: Message: element click intercepted: Element <input type="submit" value="Acessar"> is not clickable at point (957, 515). Other element would receive the click: <ul>...</ul>
  (Session info: chrome=151.0.7922.173); For documentation on this error, please visit: https://www.selenium.dev/documentation/webdriver/troubleshooting/errors#elementclickinterceptedexception
Stacktrace:
#0 0x5bf00479e36a <unknown>
#1 0x5bf004111f49 <unknown>
#2 0x5bf00416e415 <unknown>
#3 0x5bf00416c4f2 <unknown>
#4 0x5bf004169edc <unknown>
#5 0x5bf004168fd7 <unknown>
#6 0x5bf00415cc42 <unknown>
#7 0x5bf00415c587 <unknown>
#8 0x5bf0041b00c3 <unknown>
#9 0x5bf00415ac92 <unknown>
#10 0x5bf00415bb11 <unknown>
#11 0x5bf0047638d0 <unknown>
#12 0x5bf004761f3a <unknown>
#13 0x5bf00474c9b5 <unknown>
#14 0x5bf004762c0a <unknown>
#15 0x5bf004734740 <unknown>
#16 0x5bf0047899a8 <unknown>
#17 0x5bf004789b45 <unknown>
#18 0x5bf00479cf1e <unknown>
#19 0x7a90c909cb84 <unknown>
#20 0x7a90c9129d6c <unknown>

2026-08-21 14:05:17,704 [INFO] src.login: Retrying in 3 seconds...
2026-08-21 14:05:20,705 [INFO] src.login: Login attempt 3/3
2026-08-21 14:05:20,706 [INFO] src.login: Navigating to https://suap.ifba.edu.br/accounts/login/?next=/
2026-08-21 14:05:25,588 [ERROR] src.login: Error on login attempt 3: Message: element click intercepted: Element <input type="submit" value="Acessar"> is not clickable at point (957, 515). Other element would receive the click: <ul>...</ul>
  (Session info: chrome=151.0.7922.173); For documentation on this error, please visit: https://www.selenium.dev/documentation/webdriver/troubleshooting/errors#elementclickinterceptedexception
Stacktrace:
#0 0x5bf00479e36a <unknown>
#1 0x5bf004111f49 <unknown>
#2 0x5bf00416e415 <unknown>
#3 0x5bf00416c4f2 <unknown>
#4 0x5bf004169edc <unknown>
#5 0x5bf004168fd7 <unknown>
#6 0x5bf00415cc42 <unknown>
#7 0x5bf00415c587 <unknown>
#8 0x5bf0041b00c3 <unknown>
#9 0x5bf00415ac92 <unknown>
#10 0x5bf00415bb11 <unknown>
#11 0x5bf0047638d0 <unknown>
#12 0x5bf004761f3a <unknown>
#13 0x5bf00474c9b5 <unknown>
#14 0x5bf004762c0a <unknown>
#15 0x5bf004734740 <unknown>
#16 0x5bf0047899a8 <unknown>
#17 0x5bf004789b45 <unknown>
#18 0x5bf00479cf1e <unknown>
#19 0x7a90c909cb84 <unknown>
#20 0x7a90c9129d6c <unknown>

2026-08-21 14:05:25,589 [ERROR] src.login: All login attempts failed
2026-08-21 14:05:25,589 [ERROR] __main__: Failed to login to SUAP
2026-08-21 14:05:25,589 [INFO] __main__: Closing browser...
2026-08-21 14:06:45,800 [INFO] __main__: Starting browser...
2026-08-21 14:06:45,853 [INFO] WDM: ====== WebDriver manager ======
2026-08-21 14:06:45,990 [INFO] WDM: Get LATEST chromedriver version for google-chrome
2026-08-21 14:06:47,217 [INFO] WDM: Get LATEST chromedriver version for google-chrome
2026-08-21 14:06:49,498 [INFO] WDM: Driver [/home/davi/.wdm/drivers/chromedriver/linux64/151.0.7922.138/chromedriver-linux64/chromedriver] found in cache
2026-08-21 14:06:50,464 [INFO] __main__: Authenticating on SUAP...
2026-08-21 14:06:50,465 [INFO] src.login: Login attempt 1/3
2026-08-21 14:06:50,465 [INFO] src.login: Navigating to https://suap.ifba.edu.br/accounts/login/?next=/
2026-08-21 14:06:59,682 [WARNING] src.login: Submit button intercepted; clicking via JavaScript
2026-08-21 14:07:06,010 [INFO] src.login: Login successful
2026-08-21 14:07:06,010 [INFO] __main__: Starting data extraction...
2026-08-21 14:07:06,011 [INFO] src.scraper: Exporting Mestrado (id=9)
2026-08-21 14:07:30,804 [INFO] src.scraper: Task 28184 completed
2026-08-21 14:07:30,805 [INFO] src.scraper: Download URL: https://suap.ifba.edu.br/djtools/process_progress2/1/28184/
2026-08-21 14:07:31,337 [INFO] src.scraper: Download: status=200, size=406016 bytes
2026-08-21 14:07:31,339 [INFO] src.scraper: Saved XLS to ./output/raw_export_1787332051.xls
2026-08-21 14:07:31,709 [ERROR] src.scraper: Error in export: File is not a zip file
Traceback (most recent call last):
  File "/home/davi/.pyenv/versions/3.12.12/lib/python3.12/site-packages/pandas/compat/_optional.py", line 158, in import_optional_dependency
    module = importlib.import_module(name)
             ^^^^^^^^^^^^^^^^^^^^^^^^^^^^^
  File "/home/davi/.pyenv/versions/3.12.12/lib/python3.12/importlib/__init__.py", line 90, in import_module
    return _bootstrap._gcd_import(name[level:], package, level)
           ^^^^^^^^^^^^^^^^^^^^^^^^^^^^^^^^^^^^^^^^^^^^^^^^^^^^
  File "<frozen importlib._bootstrap>", line 1387, in _gcd_import
  File "<frozen importlib._bootstrap>", line 1360, in _find_and_load
  File "<frozen importlib._bootstrap>", line 1324, in _find_and_load_unlocked
ModuleNotFoundError: No module named 'xlrd'

The above exception was the direct cause of the following exception:

Traceback (most recent call last):
  File "/home/davi/projetos/repos-independentes/scraper-SUAPPos/src/scraper.py", line 148, in _export_and_parse
    df = pd.read_excel(io.BytesIO(response.content), engine="xlrd", header=1)
         ^^^^^^^^^^^^^^^^^^^^^^^^^^^^^^^^^^^^^^^^^^^^^^^^^^^^^^^^^^^^^^^^^^^^
  File "/home/davi/.pyenv/versions/3.12.12/lib/python3.12/site-packages/pandas/io/excel/_base.py", line 481, in read_excel
    io = ExcelFile(
         ^^^^^^^^^^
  File "/home/davi/.pyenv/versions/3.12.12/lib/python3.12/site-packages/pandas/io/excel/_base.py", line 1621, in __init__
    self._reader = self._engines[engine](
                   ^^^^^^^^^^^^^^^^^^^^^^
  File "/home/davi/.pyenv/versions/3.12.12/lib/python3.12/site-packages/pandas/io/excel/_xlrd.py", line 50, in __init__
    import_optional_dependency("xlrd", extra=err_msg)
  File "/home/davi/.pyenv/versions/3.12.12/lib/python3.12/site-packages/pandas/compat/_optional.py", line 161, in import_optional_dependency
    raise ImportError(msg) from err
ImportError: `Import xlrd` failed. Install xlrd >= 2.0.1 for xls Excel support Use pip or conda to install the xlrd package.

During handling of the above exception, another exception occurred:

Traceback (most recent call last):
  File "/home/davi/projetos/repos-independentes/scraper-SUAPPos/src/scraper.py", line 150, in _export_and_parse
    df = pd.read_excel(io.BytesIO(response.content), engine="openpyxl", header=1)
         ^^^^^^^^^^^^^^^^^^^^^^^^^^^^^^^^^^^^^^^^^^^^^^^^^^^^^^^^^^^^^^^^^^^^^^^^
  File "/home/davi/.pyenv/versions/3.12.12/lib/python3.12/site-packages/pandas/io/excel/_base.py", line 481, in read_excel
    io = ExcelFile(
         ^^^^^^^^^^
  File "/home/davi/.pyenv/versions/3.12.12/lib/python3.12/site-packages/pandas/io/excel/_base.py", line 1621, in __init__
    self._reader = self._engines[engine](
                   ^^^^^^^^^^^^^^^^^^^^^^
  File "/home/davi/.pyenv/versions/3.12.12/lib/python3.12/site-packages/pandas/io/excel/_openpyxl.py", line 560, in __init__
    super().__init__(
  File "/home/davi/.pyenv/versions/3.12.12/lib/python3.12/site-packages/pandas/io/excel/_base.py", line 554, in __init__
    self.book = self.load_workbook(self.handles.handle, engine_kwargs)
                ^^^^^^^^^^^^^^^^^^^^^^^^^^^^^^^^^^^^^^^^^^^^^^^^^^^^^^
  File "/home/davi/.pyenv/versions/3.12.12/lib/python3.12/site-packages/pandas/io/excel/_openpyxl.py", line 579, in load_workbook
    return load_workbook(
           ^^^^^^^^^^^^^^
  File "/home/davi/.pyenv/versions/3.12.12/lib/python3.12/site-packages/openpyxl/reader/excel.py", line 346, in load_workbook
    reader = ExcelReader(filename, read_only, keep_vba,
             ^^^^^^^^^^^^^^^^^^^^^^^^^^^^^^^^^^^^^^^^^^
  File "/home/davi/.pyenv/versions/3.12.12/lib/python3.12/site-packages/openpyxl/reader/excel.py", line 123, in __init__
    self.archive = _validate_archive(fn)
                   ^^^^^^^^^^^^^^^^^^^^^
  File "/home/davi/.pyenv/versions/3.12.12/lib/python3.12/site-packages/openpyxl/reader/excel.py", line 95, in _validate_archive
    archive = ZipFile(filename, 'r')
              ^^^^^^^^^^^^^^^^^^^^^^
  File "/home/davi/.pyenv/versions/3.12.12/lib/python3.12/zipfile/__init__.py", line 1370, in __init__
    self._RealGetContents()
  File "/home/davi/.pyenv/versions/3.12.12/lib/python3.12/zipfile/__init__.py", line 1437, in _RealGetContents
    raise BadZipFile("File is not a zip file")
zipfile.BadZipFile: File is not a zip file
2026-08-21 14:07:31,720 [INFO] src.scraper: Exported 0 students for Mestrado
2026-08-21 14:07:31,721 [INFO] src.scraper: Exporting Especialização (id=10)
2026-08-21 14:08:08,932 [INFO] src.scraper: Task 28185 completed
2026-08-21 14:08:08,932 [INFO] src.scraper: Download URL: https://suap.ifba.edu.br/djtools/process_progress2/1/28185/
2026-08-21 14:08:09,529 [INFO] src.scraper: Download: status=200, size=649216 bytes
2026-08-21 14:08:09,530 [INFO] src.scraper: Saved XLS to ./output/raw_export_1787332089.xls
2026-08-21 14:08:09,531 [ERROR] src.scraper: Error in export: File is not a zip file
Traceback (most recent call last):
  File "/home/davi/.pyenv/versions/3.12.12/lib/python3.12/site-packages/pandas/compat/_optional.py", line 158, in import_optional_dependency
    module = importlib.import_module(name)
             ^^^^^^^^^^^^^^^^^^^^^^^^^^^^^
  File "/home/davi/.pyenv/versions/3.12.12/lib/python3.12/importlib/__init__.py", line 90, in import_module
    return _bootstrap._gcd_import(name[level:], package, level)
           ^^^^^^^^^^^^^^^^^^^^^^^^^^^^^^^^^^^^^^^^^^^^^^^^^^^^
  File "<frozen importlib._bootstrap>", line 1387, in _gcd_import
  File "<frozen importlib._bootstrap>", line 1360, in _find_and_load
  File "<frozen importlib._bootstrap>", line 1324, in _find_and_load_unlocked
ModuleNotFoundError: No module named 'xlrd'

The above exception was the direct cause of the following exception:

Traceback (most recent call last):
  File "/home/davi/projetos/repos-independentes/scraper-SUAPPos/src/scraper.py", line 148, in _export_and_parse
    df = pd.read_excel(io.BytesIO(response.content), engine="xlrd", header=1)
         ^^^^^^^^^^^^^^^^^^^^^^^^^^^^^^^^^^^^^^^^^^^^^^^^^^^^^^^^^^^^^^^^^^^^
  File "/home/davi/.pyenv/versions/3.12.12/lib/python3.12/site-packages/pandas/io/excel/_base.py", line 481, in read_excel
    io = ExcelFile(
         ^^^^^^^^^^
  File "/home/davi/.pyenv/versions/3.12.12/lib/python3.12/site-packages/pandas/io/excel/_base.py", line 1621, in __init__
    self._reader = self._engines[engine](
                   ^^^^^^^^^^^^^^^^^^^^^^
  File "/home/davi/.pyenv/versions/3.12.12/lib/python3.12/site-packages/pandas/io/excel/_xlrd.py", line 50, in __init__
    import_optional_dependency("xlrd", extra=err_msg)
  File "/home/davi/.pyenv/versions/3.12.12/lib/python3.12/site-packages/pandas/compat/_optional.py", line 161, in import_optional_dependency
    raise ImportError(msg) from err
ImportError: `Import xlrd` failed. Install xlrd >= 2.0.1 for xls Excel support Use pip or conda to install the xlrd package.

During handling of the above exception, another exception occurred:

Traceback (most recent call last):
  File "/home/davi/projetos/repos-independentes/scraper-SUAPPos/src/scraper.py", line 150, in _export_and_parse
    df = pd.read_excel(io.BytesIO(response.content), engine="openpyxl", header=1)
         ^^^^^^^^^^^^^^^^^^^^^^^^^^^^^^^^^^^^^^^^^^^^^^^^^^^^^^^^^^^^^^^^^^^^^^^^
  File "/home/davi/.pyenv/versions/3.12.12/lib/python3.12/site-packages/pandas/io/excel/_base.py", line 481, in read_excel
    io = ExcelFile(
         ^^^^^^^^^^
  File "/home/davi/.pyenv/versions/3.12.12/lib/python3.12/site-packages/pandas/io/excel/_base.py", line 1621, in __init__
    self._reader = self._engines[engine](
                   ^^^^^^^^^^^^^^^^^^^^^^
  File "/home/davi/.pyenv/versions/3.12.12/lib/python3.12/site-packages/pandas/io/excel/_openpyxl.py", line 560, in __init__
    super().__init__(
  File "/home/davi/.pyenv/versions/3.12.12/lib/python3.12/site-packages/pandas/io/excel/_base.py", line 554, in __init__
    self.book = self.load_workbook(self.handles.handle, engine_kwargs)
                ^^^^^^^^^^^^^^^^^^^^^^^^^^^^^^^^^^^^^^^^^^^^^^^^^^^^^^
  File "/home/davi/.pyenv/versions/3.12.12/lib/python3.12/site-packages/pandas/io/excel/_openpyxl.py", line 579, in load_workbook
    return load_workbook(
           ^^^^^^^^^^^^^^
  File "/home/davi/.pyenv/versions/3.12.12/lib/python3.12/site-packages/openpyxl/reader/excel.py", line 346, in load_workbook
    reader = ExcelReader(filename, read_only, keep_vba,
             ^^^^^^^^^^^^^^^^^^^^^^^^^^^^^^^^^^^^^^^^^^
  File "/home/davi/.pyenv/versions/3.12.12/lib/python3.12/site-packages/openpyxl/reader/excel.py", line 123, in __init__
    self.archive = _validate_archive(fn)
                   ^^^^^^^^^^^^^^^^^^^^^
  File "/home/davi/.pyenv/versions/3.12.12/lib/python3.12/site-packages/openpyxl/reader/excel.py", line 95, in _validate_archive
    archive = ZipFile(filename, 'r')
              ^^^^^^^^^^^^^^^^^^^^^^
  File "/home/davi/.pyenv/versions/3.12.12/lib/python3.12/zipfile/__init__.py", line 1370, in __init__
    self._RealGetContents()
  File "/home/davi/.pyenv/versions/3.12.12/lib/python3.12/zipfile/__init__.py", line 1437, in _RealGetContents
    raise BadZipFile("File is not a zip file")
zipfile.BadZipFile: File is not a zip file
2026-08-21 14:08:09,537 [INFO] src.scraper: After Lato Sensu filter: 0 students
2026-08-21 14:08:09,538 [INFO] src.scraper: Exported 0 students for Especialização
2026-08-21 14:08:09,538 [INFO] src.scraper: Exporting Doutorado (id=16)
2026-08-21 14:08:24,368 [INFO] src.scraper: Task 28186 completed
2026-08-21 14:08:24,368 [INFO] src.scraper: Download URL: https://suap.ifba.edu.br/djtools/process_progress2/1/28186/
2026-08-21 14:08:24,702 [INFO] src.scraper: Download: status=200, size=42496 bytes
2026-08-21 14:08:24,703 [INFO] src.scraper: Saved XLS to ./output/raw_export_1787332104.xls
2026-08-21 14:08:24,703 [ERROR] src.scraper: Error in export: File is not a zip file
Traceback (most recent call last):
  File "/home/davi/.pyenv/versions/3.12.12/lib/python3.12/site-packages/pandas/compat/_optional.py", line 158, in import_optional_dependency
    module = importlib.import_module(name)
             ^^^^^^^^^^^^^^^^^^^^^^^^^^^^^
  File "/home/davi/.pyenv/versions/3.12.12/lib/python3.12/importlib/__init__.py", line 90, in import_module
    return _bootstrap._gcd_import(name[level:], package, level)
           ^^^^^^^^^^^^^^^^^^^^^^^^^^^^^^^^^^^^^^^^^^^^^^^^^^^^
  File "<frozen importlib._bootstrap>", line 1387, in _gcd_import
  File "<frozen importlib._bootstrap>", line 1360, in _find_and_load
  File "<frozen importlib._bootstrap>", line 1324, in _find_and_load_unlocked
ModuleNotFoundError: No module named 'xlrd'

The above exception was the direct cause of the following exception:

Traceback (most recent call last):
  File "/home/davi/projetos/repos-independentes/scraper-SUAPPos/src/scraper.py", line 148, in _export_and_parse
    df = pd.read_excel(io.BytesIO(response.content), engine="xlrd", header=1)
         ^^^^^^^^^^^^^^^^^^^^^^^^^^^^^^^^^^^^^^^^^^^^^^^^^^^^^^^^^^^^^^^^^^^^
  File "/home/davi/.pyenv/versions/3.12.12/lib/python3.12/site-packages/pandas/io/excel/_base.py", line 481, in read_excel
    io = ExcelFile(
         ^^^^^^^^^^
  File "/home/davi/.pyenv/versions/3.12.12/lib/python3.12/site-packages/pandas/io/excel/_base.py", line 1621, in __init__
    self._reader = self._engines[engine](
                   ^^^^^^^^^^^^^^^^^^^^^^
  File "/home/davi/.pyenv/versions/3.12.12/lib/python3.12/site-packages/pandas/io/excel/_xlrd.py", line 50, in __init__
    import_optional_dependency("xlrd", extra=err_msg)
  File "/home/davi/.pyenv/versions/3.12.12/lib/python3.12/site-packages/pandas/compat/_optional.py", line 161, in import_optional_dependency
    raise ImportError(msg) from err
ImportError: `Import xlrd` failed. Install xlrd >= 2.0.1 for xls Excel support Use pip or conda to install the xlrd package.

During handling of the above exception, another exception occurred:

Traceback (most recent call last):
  File "/home/davi/projetos/repos-independentes/scraper-SUAPPos/src/scraper.py", line 150, in _export_and_parse
    df = pd.read_excel(io.BytesIO(response.content), engine="openpyxl", header=1)
         ^^^^^^^^^^^^^^^^^^^^^^^^^^^^^^^^^^^^^^^^^^^^^^^^^^^^^^^^^^^^^^^^^^^^^^^^
  File "/home/davi/.pyenv/versions/3.12.12/lib/python3.12/site-packages/pandas/io/excel/_base.py", line 481, in read_excel
    io = ExcelFile(
         ^^^^^^^^^^
  File "/home/davi/.pyenv/versions/3.12.12/lib/python3.12/site-packages/pandas/io/excel/_base.py", line 1621, in __init__
    self._reader = self._engines[engine](
                   ^^^^^^^^^^^^^^^^^^^^^^
  File "/home/davi/.pyenv/versions/3.12.12/lib/python3.12/site-packages/pandas/io/excel/_openpyxl.py", line 560, in __init__
    super().__init__(
  File "/home/davi/.pyenv/versions/3.12.12/lib/python3.12/site-packages/pandas/io/excel/_base.py", line 554, in __init__
    self.book = self.load_workbook(self.handles.handle, engine_kwargs)
                ^^^^^^^^^^^^^^^^^^^^^^^^^^^^^^^^^^^^^^^^^^^^^^^^^^^^^^
  File "/home/davi/.pyenv/versions/3.12.12/lib/python3.12/site-packages/pandas/io/excel/_openpyxl.py", line 579, in load_workbook
    return load_workbook(
           ^^^^^^^^^^^^^^
  File "/home/davi/.pyenv/versions/3.12.12/lib/python3.12/site-packages/openpyxl/reader/excel.py", line 346, in load_workbook
    reader = ExcelReader(filename, read_only, keep_vba,
             ^^^^^^^^^^^^^^^^^^^^^^^^^^^^^^^^^^^^^^^^^^
  File "/home/davi/.pyenv/versions/3.12.12/lib/python3.12/site-packages/openpyxl/reader/excel.py", line 123, in __init__
    self.archive = _validate_archive(fn)
                   ^^^^^^^^^^^^^^^^^^^^^
  File "/home/davi/.pyenv/versions/3.12.12/lib/python3.12/site-packages/openpyxl/reader/excel.py", line 95, in _validate_archive
    archive = ZipFile(filename, 'r')
              ^^^^^^^^^^^^^^^^^^^^^^
  File "/home/davi/.pyenv/versions/3.12.12/lib/python3.12/zipfile/__init__.py", line 1370, in __init__
    self._RealGetContents()
  File "/home/davi/.pyenv/versions/3.12.12/lib/python3.12/zipfile/__init__.py", line 1437, in _RealGetContents
    raise BadZipFile("File is not a zip file")
zipfile.BadZipFile: File is not a zip file
2026-08-21 14:08:24,708 [INFO] src.scraper: Exported 0 students for Doutorado
2026-08-21 14:08:24,709 [WARNING] __main__: No students found. Check credentials and page structure.
2026-08-21 14:08:24,709 [INFO] __main__: Closing browser...
2026-08-21 14:09:54,701 [INFO] __main__: Starting browser...
2026-08-21 14:09:54,872 [INFO] WDM: ====== WebDriver manager ======
2026-08-21 14:09:55,310 [INFO] WDM: Get LATEST chromedriver version for google-chrome
2026-08-21 14:09:55,690 [INFO] WDM: Get LATEST chromedriver version for google-chrome
2026-08-21 14:09:56,078 [INFO] WDM: Driver [/home/davi/.wdm/drivers/chromedriver/linux64/151.0.7922.138/chromedriver-linux64/chromedriver] found in cache
2026-08-21 14:09:58,187 [INFO] __main__: Authenticating on SUAP...
2026-08-21 14:09:58,187 [INFO] src.login: Login attempt 1/3
2026-08-21 14:09:58,188 [INFO] src.login: Navigating to https://suap.ifba.edu.br/accounts/login/?next=/
2026-08-21 14:10:06,304 [WARNING] src.login: Submit button intercepted; clicking via JavaScript
2026-08-21 14:10:12,779 [INFO] src.login: Login successful
2026-08-21 14:10:12,779 [INFO] __main__: Starting data extraction...
2026-08-21 14:10:12,780 [INFO] src.scraper: Exporting Mestrado (id=9)
2026-08-21 14:10:39,991 [INFO] src.scraper: Task 28187 completed
2026-08-21 14:10:39,992 [INFO] src.scraper: Download URL: https://suap.ifba.edu.br/djtools/process_progress2/1/28187/
2026-08-21 14:10:40,689 [INFO] src.scraper: Download: status=200, size=406016 bytes
2026-08-21 14:10:40,693 [INFO] src.scraper: Saved XLS to ./output/raw_export_1787332240.xls
2026-08-21 14:10:41,114 [INFO] src.scraper: DataFrame shape: (1813, 10), columns: ['#', 'Nome', 'Matrícula', 'Curso', 'Campus', 'Polo', 'Situação', 'E-mail Acadêmico', 'E-mail Pessoal', 'Ano/Periodo Letivo']...
2026-08-21 14:10:41,934 [INFO] src.scraper: Exported 1813 students for Mestrado
2026-08-21 14:10:41,937 [INFO] src.scraper: Exporting Especialização (id=10)
2026-08-21 14:11:19,826 [INFO] src.scraper: Task 28188 completed
2026-08-21 14:11:19,827 [INFO] src.scraper: Download URL: https://suap.ifba.edu.br/djtools/process_progress2/1/28188/
2026-08-21 14:11:21,900 [INFO] src.scraper: Download: status=200, size=649216 bytes
2026-08-21 14:11:21,903 [INFO] src.scraper: Saved XLS to ./output/raw_export_1787332281.xls
2026-08-21 14:11:22,472 [INFO] src.scraper: DataFrame shape: (2766, 10), columns: ['#', 'Nome', 'Matrícula', 'Curso', 'Campus', 'Polo', 'Situação', 'E-mail Acadêmico', 'E-mail Pessoal', 'Ano/Periodo Letivo']...
2026-08-21 14:11:23,838 [INFO] src.scraper: After Lato Sensu filter: 573 students
2026-08-21 14:11:23,838 [INFO] src.scraper: Exported 573 students for Especialização
2026-08-21 14:11:23,840 [INFO] src.scraper: Exporting Doutorado (id=16)
2026-08-21 14:11:46,714 [INFO] src.scraper: Task 28189 completed
2026-08-21 14:11:46,715 [INFO] src.scraper: Download URL: https://suap.ifba.edu.br/djtools/process_progress2/1/28189/
2026-08-21 14:11:47,245 [INFO] src.scraper: Download: status=200, size=42496 bytes
2026-08-21 14:11:47,246 [INFO] src.scraper: Saved XLS to ./output/raw_export_1787332307.xls
2026-08-21 14:11:47,287 [INFO] src.scraper: DataFrame shape: (163, 10), columns: ['#', 'Nome', 'Matrícula', 'Curso', 'Campus', 'Polo', 'Situação', 'E-mail Acadêmico', 'E-mail Pessoal', 'Ano/Periodo Letivo']...
2026-08-21 14:11:47,364 [INFO] src.scraper: Exported 163 students for Doutorado
2026-08-21 14:11:47,366 [INFO] __main__: Total students extracted: 2549
2026-08-21 14:11:47,367 [INFO] __main__: Exporting data in csv format...
2026-08-21 14:11:47,537 [INFO] src.exporter: Exported 2549 records to CSV
2026-08-21 14:11:47,537 [INFO] src.exporter: Data exported to ./output/alunos_pos_20260821_141147.csv
2026-08-21 14:11:47,538 [INFO] __main__: ✅ Data saved to: ./output/alunos_pos_20260821_141147.csv
2026-08-21 14:11:47,538 [INFO] __main__: Closing browser...
2026-09-02 16:49:32,722 [INFO] __main__: Starting browser...
2026-09-02 16:49:32,816 [INFO] WDM: ====== WebDriver manager ======
2026-09-02 16:49:33,012 [INFO] WDM: Get LATEST chromedriver version for google-chrome
2026-09-02 16:49:33,206 [INFO] WDM: Get LATEST chromedriver version for google-chrome
2026-09-02 16:49:33,368 [INFO] WDM: There is no [linux64] chromedriver "152.0.7977.75" for browser google-chrome "152.0.7977" in cache
2026-09-02 16:49:33,369 [INFO] WDM: Get LATEST chromedriver version for google-chrome
2026-09-02 16:49:33,856 [INFO] WDM: WebDriver version 152.0.7977.75 selected
2026-09-02 16:49:33,867 [INFO] WDM: Modern chrome version https://storage.googleapis.com/chrome-for-testing-public/152.0.7977.75/linux64/chromedriver-linux64.zip
2026-09-02 16:49:33,868 [INFO] WDM: About to download new driver from https://storage.googleapis.com/chrome-for-testing-public/152.0.7977.75/linux64/chromedriver-linux64.zip
2026-09-02 16:49:34,273 [INFO] WDM: Driver downloading response is 200
2026-09-02 16:49:35,439 [INFO] WDM: Get LATEST chromedriver version for google-chrome
2026-09-02 16:49:35,801 [INFO] WDM: Driver has been saved in cache [/home/davi/.wdm/drivers/chromedriver/linux64/152.0.7977.75]
2026-09-02 16:49:37,041 [INFO] __main__: Authenticating on SUAP...
2026-09-02 16:49:37,041 [INFO] src.login: Login attempt 1/3
2026-09-02 16:49:37,041 [INFO] src.login: Navigating to https://suap.ifba.edu.br/accounts/login/?next=/
2026-09-02 16:49:51,043 [INFO] src.login: Login successful
2026-09-02 16:49:51,043 [INFO] __main__: Starting data extraction...
2026-09-02 16:49:51,043 [INFO] src.scraper: Exporting Mestrado (id=9)
2026-09-02 16:50:31,825 [INFO] src.scraper: Task 28267 completed
2026-09-02 16:50:31,825 [INFO] src.scraper: Download URL: https://suap.ifba.edu.br/djtools/process_progress2/1/28267/
2026-09-02 16:50:32,298 [INFO] src.scraper: Download: status=200, size=414208 bytes
2026-09-02 16:50:32,308 [INFO] src.scraper: Saved XLS to ./output/raw_export_1788378632.xls
2026-09-02 16:50:32,419 [INFO] src.scraper: DataFrame shape: (1840, 10), columns: ['#', 'Nome', 'Matrícula', 'Curso', 'Campus', 'Polo', 'Situação', 'E-mail Acadêmico', 'E-mail Pessoal', 'Ano/Periodo Letivo']...
2026-09-02 16:50:32,476 [INFO] src.scraper: Exported 1840 students for Mestrado
2026-09-02 16:50:32,476 [INFO] src.scraper: Exporting Especialização (id=10)
2026-09-02 16:51:39,379 [INFO] src.scraper: Task 28268 completed
2026-09-02 16:51:39,379 [INFO] src.scraper: Download URL: https://suap.ifba.edu.br/djtools/process_progress2/1/28268/
2026-09-02 16:51:39,908 [INFO] src.scraper: Download: status=200, size=649216 bytes
2026-09-02 16:51:39,909 [INFO] src.scraper: Saved XLS to ./output/raw_export_1788378699.xls
2026-09-02 16:51:40,034 [INFO] src.scraper: DataFrame shape: (2766, 10), columns: ['#', 'Nome', 'Matrícula', 'Curso', 'Campus', 'Polo', 'Situação', 'E-mail Acadêmico', 'E-mail Pessoal', 'Ano/Periodo Letivo']...
2026-09-02 16:51:40,260 [INFO] src.scraper: After Lato Sensu filter: 573 students
2026-09-02 16:51:40,260 [INFO] src.scraper: Exported 573 students for Especialização
2026-09-02 16:51:40,260 [INFO] src.scraper: Exporting Doutorado (id=16)
2026-09-02 16:51:55,415 [INFO] src.scraper: Task 28269 completed
2026-09-02 16:51:55,415 [INFO] src.scraper: Download URL: https://suap.ifba.edu.br/djtools/process_progress2/1/28269/
2026-09-02 16:51:55,921 [INFO] src.scraper: Download: status=200, size=42496 bytes
2026-09-02 16:51:55,922 [INFO] src.scraper: Saved XLS to ./output/raw_export_1788378715.xls
2026-09-02 16:51:55,937 [INFO] src.scraper: DataFrame shape: (163, 10), columns: ['#', 'Nome', 'Matrícula', 'Curso', 'Campus', 'Polo', 'Situação', 'E-mail Acadêmico', 'E-mail Pessoal', 'Ano/Periodo Letivo']...
2026-09-02 16:51:55,960 [INFO] src.scraper: Exported 163 students for Doutorado
2026-09-02 16:51:55,961 [INFO] __main__: Total students extracted: 2576
2026-09-02 16:51:55,962 [INFO] __main__: Exporting data in csv format...
2026-09-02 16:51:56,030 [INFO] src.exporter: Exported 2576 records to CSV
2026-09-02 16:51:56,031 [INFO] src.exporter: Data exported to ./output/alunos_pos_20260902_165155.csv
2026-09-02 16:51:56,031 [INFO] __main__: ✅ Data saved to: ./output/alunos_pos_20260902_165155.csv
2026-09-02 16:51:56,031 [INFO] __main__: Closing browser...
2026-09-03 09:43:04,860 [INFO] __main__: Starting browser...
2026-09-03 09:43:04,898 [INFO] WDM: ====== WebDriver manager ======
2026-09-03 09:43:04,994 [INFO] WDM: Get LATEST chromedriver version for google-chrome
2026-09-03 09:43:05,089 [INFO] WDM: Get LATEST chromedriver version for google-chrome
2026-09-03 09:43:05,158 [INFO] WDM: Get LATEST chromedriver version for google-chrome
2026-09-03 09:43:05,401 [INFO] WDM: WebDriver version 152.0.7977.75 selected
2026-09-03 09:43:05,406 [INFO] WDM: Modern chrome version https://storage.googleapis.com/chrome-for-testing-public/152.0.7977.75/linux64/chromedriver-linux64.zip
2026-09-03 09:43:05,407 [INFO] WDM: About to download new driver from https://storage.googleapis.com/chrome-for-testing-public/152.0.7977.75/linux64/chromedriver-linux64.zip
2026-09-03 09:43:05,809 [INFO] WDM: Driver downloading response is 200
2026-09-03 09:43:07,558 [INFO] WDM: Get LATEST chromedriver version for google-chrome
2026-09-03 09:43:07,996 [INFO] WDM: Driver has been saved in cache [/home/davi/.wdm/drivers/chromedriver/linux64/152.0.7977.75]
2026-09-03 09:43:08,737 [INFO] __main__: Authenticating on SUAP...
2026-09-03 09:43:08,737 [INFO] src.login: Login attempt 1/3
2026-09-03 09:43:08,737 [INFO] src.login: Navigating to https://suap.ifba.edu.br/accounts/login/?next=/
2026-09-03 09:43:17,903 [INFO] src.login: Login successful
2026-09-03 09:43:17,903 [INFO] __main__: Starting data extraction...
2026-09-03 09:43:17,903 [INFO] src.scraper: Exporting Mestrado (id=9)
2026-09-03 09:43:57,630 [INFO] src.scraper: Task 28271 completed
2026-09-03 09:43:57,630 [INFO] src.scraper: Download URL: https://suap.ifba.edu.br/djtools/process_progress2/1/28271/
2026-09-03 09:43:57,807 [INFO] src.scraper: Download: status=200, size=414208 bytes
2026-09-03 09:43:57,816 [INFO] src.scraper: Saved XLS to ./output/raw_export_1788439437.xls
2026-09-03 09:43:57,858 [INFO] src.scraper: DataFrame shape: (1841, 10), columns: ['#', 'Nome', 'Matrícula', 'Curso', 'Campus', 'Polo', 'Situação', 'E-mail Acadêmico', 'E-mail Pessoal', 'Ano/Periodo Letivo']...
2026-09-03 09:43:57,910 [INFO] src.scraper: Exported 1841 students for Mestrado
2026-09-03 09:43:57,910 [INFO] src.scraper: Exporting Especialização (id=10)
2026-09-03 09:45:08,395 [INFO] src.scraper: Task 28272 completed
2026-09-03 09:45:08,395 [INFO] src.scraper: Download URL: https://suap.ifba.edu.br/djtools/process_progress2/1/28272/
2026-09-03 09:45:08,767 [INFO] src.scraper: Download: status=200, size=649216 bytes
2026-09-03 09:45:08,767 [INFO] src.scraper: Saved XLS to ./output/raw_export_1788439508.xls
2026-09-03 09:45:08,815 [INFO] src.scraper: DataFrame shape: (2766, 10), columns: ['#', 'Nome', 'Matrícula', 'Curso', 'Campus', 'Polo', 'Situação', 'E-mail Acadêmico', 'E-mail Pessoal', 'Ano/Periodo Letivo']...
2026-09-03 09:45:08,895 [INFO] src.scraper: Exported 2766 students for Especialização
2026-09-03 09:45:08,895 [INFO] src.scraper: Exporting Doutorado (id=16)
2026-09-03 09:45:23,797 [INFO] src.scraper: Task 28273 completed
2026-09-03 09:45:23,798 [INFO] src.scraper: Download URL: https://suap.ifba.edu.br/djtools/process_progress2/1/28273/
2026-09-03 09:45:23,876 [INFO] src.scraper: Download: status=200, size=42496 bytes
2026-09-03 09:45:23,876 [INFO] src.scraper: Saved XLS to ./output/raw_export_1788439523.xls
2026-09-03 09:45:23,880 [INFO] src.scraper: DataFrame shape: (163, 10), columns: ['#', 'Nome', 'Matrícula', 'Curso', 'Campus', 'Polo', 'Situação', 'E-mail Acadêmico', 'E-mail Pessoal', 'Ano/Periodo Letivo']...
2026-09-03 09:45:23,886 [INFO] src.scraper: Exported 163 students for Doutorado
2026-09-03 09:45:23,886 [INFO] __main__: Total students extracted: 4770
2026-09-03 09:45:23,886 [INFO] __main__: Exporting data in csv format...
2026-09-03 09:45:23,928 [INFO] src.exporter: Exported 4770 records to CSV
2026-09-03 09:45:23,928 [INFO] src.exporter: Data exported to ./output/alunos_pos_20260903_094523.csv
2026-09-03 09:45:23,928 [INFO] __main__: ✅ Data saved to: ./output/alunos_pos_20260903_094523.csv
2026-09-03 09:45:23,928 [INFO] __main__: Closing browser...
